[2026-08-05 23:29:35] [INFO] ==================================================
[2026-08-05 23:29:35] [INFO]  Starting Artix Linux OpenRC Workstation Bootstrap 
[2026-08-05 23:29:35] [INFO] ==================================================
[2026-08-05 23:29:35] [INFO] RUNNING IN DRY-RUN MODE. NO SYSTEM CHANGES WILL BE MADE.
[2026-08-05 23:29:35] [INFO] --------------------------------------------------
[2026-08-05 23:29:35] [INFO] Executing Stage: Package Installation (install_packages.sh)
[2026-08-05 23:29:35] [INFO] --------------------------------------------------
[2026-08-05 23:29:38] [INFO] --------------------------------------------------
[2026-08-05 23:29:38] [INFO] Executing Stage: Btrfs Filesystem Checks (setup_btrfs.sh)
[2026-08-05 23:29:38] [INFO] --------------------------------------------------
[2026-08-05 23:29:38] [INFO] --------------------------------------------------
[2026-08-05 23:29:38] [INFO] Executing Stage: OpenRC Services Setup (setup_openrc.sh)
[2026-08-05 23:29:38] [INFO] --------------------------------------------------
[2026-08-05 23:29:38] [INFO] --------------------------------------------------
[2026-08-05 23:29:38] [INFO] Executing Stage: Hardware Drivers & Microcode (setup_hardware.sh)
[2026-08-05 23:29:38] [INFO] --------------------------------------------------
[2026-08-05 23:29:39] [INFO] --------------------------------------------------
[2026-08-05 23:29:39] [INFO] Executing Stage: Network & User Permissions (setup_network.sh)
[2026-08-05 23:29:39] [INFO] --------------------------------------------------
[2026-08-05 23:29:39] [INFO] --------------------------------------------------
[2026-08-05 23:29:39] [INFO] Executing Stage: PipeWire Audio Infrastructure (setup_audio.sh)
[2026-08-05 23:29:39] [INFO] --------------------------------------------------
[2026-08-05 23:29:39] [INFO] --------------------------------------------------
[2026-08-05 23:29:39] [INFO] Executing Stage: UFW & Fail2Ban Security (setup_security.sh)
[2026-08-05 23:29:39] [INFO] --------------------------------------------------
[2026-08-05 23:29:39] [INFO] --------------------------------------------------
[2026-08-05 23:29:39] [INFO] Executing Stage: Compiling dwl Compositor (build_dwl.sh)
[2026-08-05 23:29:39] [INFO] --------------------------------------------------
[2026-08-05 23:29:39] [INFO] --------------------------------------------------
[2026-08-05 23:29:39] [INFO] Executing Stage: Compiling slstatus Status Bar (build_slstatus.sh)
[2026-08-05 23:29:39] [INFO] --------------------------------------------------
[2026-08-05 23:29:39] [INFO] --------------------------------------------------
[2026-08-05 23:29:39] [INFO] Executing Stage: Deploying User Dotfiles (deploy_dotfiles.sh)
[2026-08-05 23:29:39] [INFO] --------------------------------------------------
[2026-08-05 23:29:39] [INFO] --------------------------------------------------
[2026-08-05 23:29:39] [INFO] Executing Stage: System Optimization & zram (optimize_system.sh)
[2026-08-05 23:29:39] [INFO] --------------------------------------------------
[2026-08-05 23:29:39] [INFO] --------------------------------------------------
[2026-08-05 23:29:39] [INFO] Executing Stage: System Healthcheck Diagnostics (healthcheck.sh)
[2026-08-05 23:29:39] [INFO] --------------------------------------------------
[2026-08-05 23:49:23] [INFO] ==================================================
[2026-08-05 23:49:23] [INFO]  Starting Artix Linux OpenRC Workstation Bootstrap 
[2026-08-05 23:49:23] [INFO] ==================================================
[2026-08-05 23:49:23] [INFO] RUNNING IN DRY-RUN MODE. NO SYSTEM CHANGES WILL BE MADE.
[2026-08-05 23:49:23] [INFO] --------------------------------------------------
[2026-08-05 23:49:23] [INFO] Executing Stage: Package Installation (install_packages.sh)
[2026-08-05 23:49:23] [INFO] --------------------------------------------------
[2026-08-05 23:49:26] [INFO] --------------------------------------------------
[2026-08-05 23:49:26] [INFO] Executing Stage: Btrfs Filesystem Checks (setup_btrfs.sh)
[2026-08-05 23:49:26] [INFO] --------------------------------------------------
[2026-08-05 23:49:26] [INFO] --------------------------------------------------
[2026-08-05 23:49:26] [INFO] Executing Stage: OpenRC Services Setup (setup_openrc.sh)
[2026-08-05 23:49:26] [INFO] --------------------------------------------------
[2026-08-05 23:49:26] [INFO] --------------------------------------------------
[2026-08-05 23:49:26] [INFO] Executing Stage: Hardware Drivers & Microcode (setup_hardware.sh)
[2026-08-05 23:49:26] [INFO] --------------------------------------------------
[2026-08-05 23:49:26] [INFO] --------------------------------------------------
[2026-08-05 23:49:26] [INFO] Executing Stage: Network & User Permissions (setup_network.sh)
[2026-08-05 23:49:26] [INFO] --------------------------------------------------
[2026-08-05 23:49:26] [INFO] --------------------------------------------------
[2026-08-05 23:49:26] [INFO] Executing Stage: PipeWire Audio Infrastructure (setup_audio.sh)
[2026-08-05 23:49:26] [INFO] --------------------------------------------------
[2026-08-05 23:49:26] [INFO] --------------------------------------------------
[2026-08-05 23:49:26] [INFO] Executing Stage: UFW & Fail2Ban Security (setup_security.sh)
[2026-08-05 23:49:26] [INFO] --------------------------------------------------
[2026-08-05 23:49:26] [INFO] --------------------------------------------------
[2026-08-05 23:49:26] [INFO] Executing Stage: Compiling dwl Compositor (build_dwl.sh)
[2026-08-05 23:49:26] [INFO] --------------------------------------------------
[2026-08-05 23:49:26] [INFO] --------------------------------------------------
[2026-08-05 23:49:26] [INFO] Executing Stage: Compiling slstatus Status Bar (build_slstatus.sh)
[2026-08-05 23:49:26] [INFO] --------------------------------------------------
[2026-08-05 23:49:26] [INFO] --------------------------------------------------
[2026-08-05 23:49:26] [INFO] Executing Stage: Deploying User Dotfiles (deploy_dotfiles.sh)
[2026-08-05 23:49:26] [INFO] --------------------------------------------------
[2026-08-05 23:49:26] [INFO] --------------------------------------------------
[2026-08-05 23:49:26] [INFO] Executing Stage: System Optimization & zram (optimize_system.sh)
[2026-08-05 23:49:26] [INFO] --------------------------------------------------
[2026-08-05 23:49:26] [INFO] --------------------------------------------------
[2026-08-05 23:49:26] [INFO] Executing Stage: System Healthcheck Diagnostics (healthcheck.sh)
[2026-08-05 23:49:26] [INFO] --------------------------------------------------
[2026-08-05 23:49:26] [INFO] ==================================================
[2026-08-05 23:49:26] [SUCCESS] Bootstrap sequence finished successfully!
[2026-08-05 23:49:26] [INFO] ==================================================
